
[1mWillExecutor — the ALIVE path, on chain[0m
  demo contract  0x766897eb88F5D7dbb2734A0501fA97eFDb3cd1d0
  will owner     0xBe9eE23694b69d287FbE096AB3E37f61Cff7B802
  watched chain  sepolia (eth-sepolia.blockscout.com)

[1m0. Safety: the key must be testnet-only[0m
  [32m✔[0m zero balance on ethereum, base, arbitrum and polygon mainnets
  sepolia balance 0.199953 ETH (testnet)

[1m1. Where the wallet stands before the will exists[0m
  explorer readable true, 3 signed tx in the window
  newest signature  1789757688 (2026-09-18T18:54:48.000Z)
  (whether that counts as ALIVE depends entirely on the anchor, which step 2 fixes)

[1m2. Create the will (this fixes the anchor)[0m
  tx 0x5dbe233c35274a48f43a6bdf018d297d3fe60b82af2d218fda26e950e581d938
  [32m✔[0m will #6: 6.00 GEN, 90s interval, watching sepolia
  anchor (last_heartbeat) 1789758155
  claimable at            1789758335 (in 175s)
  [32m✔[0m every existing signature is OLDER than the anchor — nothing here yet says ALIVE

[1m3. The owner signs a real transaction on sepolia[0m
  sepolia tx 0xec39fa7ea1169b6abcc0314fb8d714bdf4d4a0044809d19f45f8c2f96f0959ca
  [32m✔[0m mined in block 11732605  status success

[1m4. Wait for Blockscout to index it[0m
  waiting 150s for the explorer to index it — deliberately making no requests meanwhile
      the explorer did not answer (check 1) — rate limited, which is NOT "no transaction"
      the explorer did not answer (check 2) — rate limited, which is NOT "no transaction"
  [32m✔[0m the explorer reports a signature newer than the anchor  1789758168 > 1789758155, 4 signed tx in the window
      that is 13s after the will was created

[1m5. Let the check-in threshold expire[0m
  [32m✔[0m the will is now past its threshold and anyone may claim it

[1m6. claim_inactive — with real validators[0m
  attempt 1: ALIVE in 16s  (src_ok=true)

[1m7. The verdict, and that nothing moved[0m
      activity_status ALIVE
      age_bucket      0  (less than a day old)
      count_bucket    3  (four to seven signatures were found)
      src_ok          true
      content_hash    b3698b76cf9fc279
      reason          Still alive: this wallet signed at least one transaction AFTER the owner's last heartbeat, according to the sepolia explorer. The newest signature is less than a day old, and four to seven signatures were found in the last 10 transactions examined. Missing a check-in is not the same as being gone, so the deposit stays where it is.
  [32m✔[0m VERDICT: ALIVE — the validators found a signature newer than the anchor
  [32m✔[0m count_bucket is 3 — signatures were actually counted, not assumed
  [32m✔[0m age_bucket is 0 — the newest signature is less than a day old
  [32m✔[0m src_ok is true — the verdict is evidence-backed
  [32m✔[0m the will is still ACTIVE — it was not executed
  [32m✔[0m the deposit is untouched: 6.000000 GEN still locked
  [32m✔[0m nothing was paid to the beneficiary and nothing to the finder
  [32m✔[0m the contract's locked total is unchanged (6.000000 GEN)
  [32m✔[0m the named beneficiary is owed nothing
  [32m✔[0m ledger identity still holds
      verdict counters: alive=3 inactive=1 inconclusive=0
GenLayer RPC error (gen_call): fetch failed
  … verify_claim attempt 1 hit transient RPC noise, waiting 4s
GenLayer RPC error (gen_call): fetch failed
  … verify_claim attempt 2 hit transient RPC noise, waiting 8s
GenLayer RPC error (gen_call): fetch failed
  … verify_claim attempt 3 hit transient RPC noise, waiting 12s
GenLayer RPC error (gen_call): fetch failed
  … verify_claim attempt 4 hit transient RPC noise, waiting 16s
  [32m✔[0m verify_claim re-derives all 3 checks from storage alone
      projection: v1.0.0|will=6|chain=sepolia|wallet=0xbe9ee23694b69d287fbe096ab3e37f61cff7b802|anchor=1789758155|now=1789758493|window=10|status=ALIVE|age=0|count=3|src=1

[1m[32mALIVE demonstrated on chain — the estate stayed locked[0m
evidence written to docs/alive-evidence.json
